// Jest Snapshot v1, https://goo.gl/fbAQLP

exports[`App should create snapshot 1`] = `
<DocumentFragment>
  <aside>
    Lets do some math!
  </aside>
</DocumentFragment>
`;
