// Jest Snapshot v1, https://goo.gl/fbAQLP

exports[`Keypad should create snapshot 1`] = `
<DocumentFragment>
  <span
    class="min-vh-75"
    id="keypad-container"
  >
    <button
      class="operators"
      id="clear"
      name="AC"
      type="button"
    >
      AC
    </button>
    <button
      class="numbers"
      id="plus/minus"
      name="+/-"
      type="button"
    >
      +/-
    </button>
    <button
      class="operators"
      id="percent"
      name="%"
      type="button"
    >
      %
    </button>
    <button
      class="operators right"
      id="division"
      name="รท"
      type="button"
    >
      รท
    </button>
    <button
      class="numbers"
      id="seven"
      name="7"
      type="button"
    >
      7
    </button>
    <button
      class="numbers"
      id="eight"
      name="8"
      type="button"
    >
      8
    </button>
    <button
      class="numbers"
      id="nine"
      name="9"
      type="button"
    >
      9
    </button>
    <button
      class="operators right"
      id="multiply"
      name="x"
      type="button"
    >
      x
    </button>
    <button
      class="numbers"
      id="four"
      name="4"
      type="button"
    >
      4
    </button>
    <button
      class="numbers"
      id="five"
      name="5"
      type="button"
    >
      5
    </button>
    <button
      class="numbers"
      id="six"
      name="6"
      type="button"
    >
      6
    </button>
    <button
      class="operators right"
      id="subtract"
      name="-"
      type="button"
    >
      -
    </button>
    <button
      class="numbers"
      id="one"
      name="1"
      type="button"
    >
      1
    </button>
    <button
      class="numbers"
      id="two"
      name="2"
      type="button"
    >
      2
    </button>
    <button
      class="numbers"
      id="three"
      name="3"
      type="button"
    >
      3
    </button>
    <button
      class="operators right"
      id="add"
      name="+"
      type="button"
    >
      +
    </button>
    <button
      class="numbers"
      id="zero"
      name="0"
      type="button"
    >
      0
    </button>
    <button
      class="operators"
      id="decimal"
      name="."
      type="button"
    >
      .
    </button>
    <button
      class="operators right"
      id="equals"
      name="="
      type="button"
    >
      =
    </button>
  </span>
</DocumentFragment>
`;
