// Jest Snapshot v1, https://goo.gl/fbAQLP

exports[`Navbar should create a snapshot 1`] = `
<DocumentFragment>
  <div
    class="nav-border"
  >
    <nav
      class="navbar navbar-expand-lg navbar-light"
    >
      <div
        class="container"
      >
        <a
          class="navbar-brand"
          href="/"
        >
          Math Magicians
        </a>
        <button
          aria-controls="responsive-navbar-nav"
          aria-label="Toggle navigation"
          class="navbar-toggler collapsed"
          type="button"
        >
          <span
            class="navbar-toggler-icon"
          />
        </button>
        <div
          class="navbar-collapse collapse"
          id="responsive-navbar-nav"
        >
          <div
            class="me-auto navbar-nav"
          />
          <div
            class="navbar-nav"
          >
            <a
              class="active nav-link"
              data-rr-ui-event-key="/"
              data-testid="home"
              href="/"
              id="/"
            >
              Home
            </a>
            <a
              class="nav-link"
              data-rr-ui-event-key="calculator"
              data-testid="quotes"
              href="/calculator"
              id="calculator"
            >
              Calculator
            </a>
            <a
              class="nav-link"
              data-rr-ui-event-key="quotes"
              data-testid="quotes"
              href="/quotes"
              id="quotes"
            >
              Quotes
            </a>
          </div>
        </div>
      </div>
    </nav>
  </div>
</DocumentFragment>
`;
